1
As we can
4
2
1
2
As we can
1
2
2
2
2
4
1
1
1
4
2
16
10
2
2
4
3
2
As we can
4
10
As we can
1
2
1
2
2
2
4
12
2
2
4
4
21
12
2
1
3
3
1
2
1
1
2
12
1
17
2
4
1
2
1
12
1
As we can
38
1
3
1
2
2
2
1
2
2
1
1
12
2
4
1
2
2
1
2
1
2
3
1
1
4
12
2
2
3
2
2
1
1
1
2
3
As we can
4
As we can
4
1
2
As we can
2
12
1
2
2
1
1
1
4
2
2
As we can
1
As we can
As we can
1
1
1
1
As we can
1
1
4
As we can
2
3
2
4
2
3
6
2
2
2
1
4
1
1
1
2
1
29
2
1
1
2
2
2
3
1
2
1
1
2
1
4
4
1
2
3
2
1
1
2
As we can
12
1
2
1
4
2
2
As we can
6
2
2
2
2
1
2
2
2
4
1
2
2
2
2
As we can
2
12
8
2
2
2
2
4
1
1
1
4
2
1
1
2
1
2
1
As we can
As we can
3
4
4
3
28
3
2
2
2
As we can
2
6
4
1
10
2
3
2
4
2
4
1
1
1
12
1
2
2
1
1
4
1
1
2
4
1
4
1
1
2
1
4
13
1
1
1
2
2
2
1
2
4
16
3
2
1
1
2
1
2
4
1
1
2
8
1
2
2
2
4
18
1
2
1
1
4
As we can
2
As we can
2
1
1
As we can
1
1
As we can
2
2
2
4
2
1
18
2
8
2
2
2
1
1
4
1
4
1
1
1
2
2
2
1
2
4
2
As we can
13
2
2
4
2
2
4
4
1
1
4
1
2
As we can
3
As we can
1
1
1
1
1
1
1
2
6
2
2
1
2
4
2
4
2
2
1
2
2
3
2
2
1
3
2
3
2
10
2
4
4
2
1
2
12
2
4
4
As we can
2
1
1
2
4
As we can
1
10
4
4
2
15
2
As we can
As we can
1
13
2
1
1
2
1
1
4
1
2
1
1
1
2
1
4
3
4
2
1
2
1
1
12
3
6
2
As we can
2
12
18
18
2
As we can
2
4
3
1
13
2
2
4
1
2
1
2
2
1
1
3
3
As we can
2
2
3
15
3
4
2
1
2
2
2
2
2
10
2
1
4
1
1
3
As we can
2
4
1
2
2
2
1
12
1
As we can
1
1
4
2
2
As we can
As we can
2
2
1
1
3
2
2
1
1
2
2
4
2
4
1
3
As we can
1
4
4
10
1
8
2
12
2
1
2
2
1
2
1
2
1
As we can
1
4
2
1
4
1
2
2
4
2
12
15
1
1
1
2
As we can
2
2
1
2
12
13
1
4
1
1
2
1
10
1
2
2
2
1
1
4
2
2
1
21
2
2
1
2
2
1
1
4
1
3
2
4
2
4
1
2
4
1
2
2
4
4
21
2
1
2
2
2
2
2
1
2
4
2
1
4
2
2
2
1
4
As we can
2
1
2
10
1
2
3
2
1
3
1
1
1
12
2
1
1
4
2
2
4
1
12
4
1
1
4
1
12
2
10
1
1
As we can
4
As we can
4
1
2
1
1
2
1
4
1
1
2
As we can
2
2
2
1
1
2
4
1
4
1
2
4
4
1
2
2
1
1
1
2
1
4
2
2
1
4
1
As we can
4
2
2
4
1
15
4
1
2
2
1
As we can
1
1
15
1
2
2
2
2
As we can
3
As we can
2
1
4
16
12
4
1
2
1
1
12
12
2
As we can
1
4
2
3
4
4
2
10
1
2
21
2
4
1
1
2
4
2
4
10
4
As we can
1
4
3
As we can
4
1
1
4
1
2
28
2
1
3
2
1
2
3
10
3
1
2
2
2
1
1
16
2
1
2
4
3
2
3
1
3
2
2
4
1
2
1
2
4
2
4
8
4
As we can
1
4
2
12
1
4
2
2
As we can
4
1
2
1
2
As we can
1
As we can
2
1
2
3
1
4
1
3
12
1
4
4
2
1
1
1
1
1
4
2
3
As we can
As we can
4
1
1
As we can
12
As we can
2
1
16
4
4
3
2
15
4
2
2
2
1
4
2
2
1
4
3
12
12
4
2
1
2
18
1
12
1
4
3
2
2
1
2
1
2
1
2
2
4
1
2
1
1
2
3
1
10
1
1
1
2
4
2
1
12
4
18
3
12
30
12
4
4
2
2
1
As we can
2
3
1
4
1
3
2
1
4
1
2
2
1
2
2
2
As we can
1
2
21
2
1
2
2
2
3
1
As we can
10
1
2
2
1
2
4
4
4
4
As we can
2
4
2
1
2
2
As we can
1
4
12
1
2
2
As we can
2
2
4
12
2
As we can
2
2
12
4
1
2
2
3
2
2
1
1
4
2
2
2
1
As we can
2
3
2
1
1
2
2
12
1
2
1
2
